// Jest Snapshot v1, https://goo.gl/fbAQLP

exports[`test in GifGridItem.js file should show the component GridItem 1`] = `
<div
  className="card animate__animated animate__fadeIn"
>
  <img
    alt="test title"
    src="http://localhost.something.jpg"
  />
  <p>
    test title
  </p>
</div>
`;
