// Jest Snapshot v1, https://goo.gl/fbAQLP

exports[`Test in GifExpertApp component should  1`] = `
<Fragment>
  <h2>
     GifExpertApp 
  </h2>
  <AddCategory
    setCategories={[Function]}
  />
  <hr />
  <ol />
</Fragment>
`;
